// Jest Snapshot v1, https://goo.gl/fbAQLP

exports[`Prubeas sobre GifIten.jsx should hacer match con el snapshot 1`] = `
<div>
  <div
    class="card"
  >
    <img
      alt="One Punch"
      src="https://giphy.com/"
    />
    <p>
      One Punch
    </p>
  </div>
</div>
`;
